------------------------------------------------------------
TimeQuest Timing Analyzer Summary
------------------------------------------------------------

Type  : Slow Model Setup 'clk'
Slack : -3.252
TNS   : -11.369

Type  : Slow Model Setup 'rst'
Slack : -2.179
TNS   : -7.552

Type  : Slow Model Hold 'rst'
Slack : -1.917
TNS   : -1.917

Type  : Slow Model Hold 'clk'
Slack : 0.320
TNS   : 0.000

Type  : Slow Model Recovery 'clk'
Slack : -0.331
TNS   : -0.993

Type  : Slow Model Recovery 'rst'
Slack : 0.654
TNS   : 0.000

Type  : Slow Model Removal 'rst'
Slack : -1.609
TNS   : -6.103

Type  : Slow Model Removal 'clk'
Slack : 0.574
TNS   : 0.000

Type  : Slow Model Minimum Pulse Width 'clk'
Slack : -1.469
TNS   : -6.357

Type  : Slow Model Minimum Pulse Width 'rst'
Slack : -1.469
TNS   : -1.469

Type  : Fast Model Setup 'clk'
Slack : -0.734
TNS   : -2.398

Type  : Fast Model Setup 'rst'
Slack : -0.378
TNS   : -0.378

Type  : Fast Model Hold 'rst'
Slack : -0.888
TNS   : -0.888

Type  : Fast Model Hold 'clk'
Slack : -0.220
TNS   : -0.220

Type  : Fast Model Recovery 'clk'
Slack : 0.368
TNS   : 0.000

Type  : Fast Model Recovery 'rst'
Slack : 0.811
TNS   : 0.000

Type  : Fast Model Removal 'rst'
Slack : -0.763
TNS   : -2.986

Type  : Fast Model Removal 'clk'
Slack : 0.014
TNS   : 0.000

Type  : Fast Model Minimum Pulse Width 'clk'
Slack : -1.222
TNS   : -5.222

Type  : Fast Model Minimum Pulse Width 'rst'
Slack : -1.222
TNS   : -1.222

------------------------------------------------------------
